// Jest Snapshot v1, https://goo.gl/fbAQLP

exports[`<App /> snapshot testing for App component 1`] = `
<div
  className="app"
>
  <Header
    onclick={[Function]}
  />
  <div
    className="app-body"
  >
    <Menu
      show={false}
    />
    <div
      className="content"
    >
      <Switch>
        <Route
          component={[Function]}
          exact={true}
          path="/"
        />
        <Route
          component={[Function]}
          path="/details/:id"
        />
      </Switch>
    </div>
  </div>
</div>
`;
