// Jest Snapshot v1, https://goo.gl/fbAQLP

exports[`<Details /> snapshot testing for Details component 1`] = `
<Route>
  <Component />
</Route>
`;
