// Jest Snapshot v1, https://goo.gl/fbAQLP

exports[`<Menu /> snapshot testing for Menu component 1`] = `
<div
  className="menu"
/>
`;
